Release 14.7 - xst P.20131013 (lin64)
Copyright (c) 1995-2013 Xilinx, Inc.  All rights reserved.
--> 
Parameter TMPDIR set to xst/projnav.tmp


Total REAL time to Xst completion: 0.00 secs
Total CPU time to Xst completion: 0.05 secs
 
--> 
Parameter xsthdpdir set to xst


Total REAL time to Xst completion: 0.00 secs
Total CPU time to Xst completion: 0.05 secs
 
--> 
Reading design: top.prj

TABLE OF CONTENTS
  1) Synthesis Options Summary
  2) HDL Parsing
  3) HDL Elaboration
  4) HDL Synthesis
       4.1) HDL Synthesis Report
  5) Advanced HDL Synthesis
       5.1) Advanced HDL Synthesis Report
  6) Low Level Synthesis
  7) Partition Report
  8) Design Summary
       8.1) Primitive and Black Box Usage
       8.2) Device utilization summary
       8.3) Partition Resource Summary
       8.4) Timing Report
            8.4.1) Clock Information
            8.4.2) Asynchronous Control Signals Information
            8.4.3) Timing Summary
            8.4.4) Timing Details
            8.4.5) Cross Clock Domains Report


=========================================================================
*                      Synthesis Options Summary                        *
=========================================================================
---- Source Parameters
Input File Name                    : "top.prj"
Ignore Synthesis Constraint File   : NO

---- Target Parameters
Output File Name                   : "top"
Output Format                      : NGC
Target Device                      : xc6slx9-3-tqg144

---- Source Options
Top Module Name                    : top
Automatic FSM Extraction           : YES
FSM Encoding Algorithm             : Auto
Safe Implementation                : No
FSM Style                          : LUT
RAM Extraction                     : Yes
RAM Style                          : Auto
ROM Extraction                     : Yes
Shift Register Extraction          : YES
ROM Style                          : Auto
Resource Sharing                   : YES
Asynchronous To Synchronous        : NO
Shift Register Minimum Size        : 2
Use DSP Block                      : Auto
Automatic Register Balancing       : No

---- Target Options
LUT Combining                      : Auto
Reduce Control Sets                : Auto
Add IO Buffers                     : YES
Global Maximum Fanout              : 100000
Add Generic Clock Buffer(BUFG)     : 16
Register Duplication               : YES
Optimize Instantiated Primitives   : NO
Use Clock Enable                   : Auto
Use Synchronous Set                : Auto
Use Synchronous Reset              : Auto
Pack IO Registers into IOBs        : Auto
Equivalent register Removal        : YES

---- General Options
Optimization Goal                  : Speed
Optimization Effort                : 1
Power Reduction                    : NO
Keep Hierarchy                     : No
Netlist Hierarchy                  : As_Optimized
RTL Output                         : Yes
Global Optimization                : AllClockNets
Read Cores                         : YES
Write Timing Constraints           : NO
Cross Clock Analysis               : NO
Hierarchy Separator                : /
Bus Delimiter                      : <>
Case Specifier                     : Maintain
Slice Utilization Ratio            : 100
BRAM Utilization Ratio             : 100
DSP48 Utilization Ratio            : 100
Auto BRAM Packing                  : NO
Slice Utilization Ratio Delta      : 5

=========================================================================


=========================================================================
*                          HDL Parsing                                  *
=========================================================================
Parsing VHDL file "/home/sabbir/projects/GFAU/design/vhdl/glob.vhd" into library work
Parsing package <glob>.
Parsing VHDL file "/home/sabbir/projects/GFAU/design/vhdl/io_port.vhd" into library work
Parsing entity <io_port>.
Parsing architecture <Behavioral> of entity <io_port>.
Parsing VHDL file "/home/sabbir/projects/GFAU/design/vhdl/io/mods/gt8.vhd" into library work
Parsing entity <gt8>.
Parsing architecture <structural> of entity <gt8>.
Parsing VHDL file "/home/sabbir/projects/GFAU/design/vhdl/io/mods/gt4.vhd" into library work
Parsing entity <gt4>.
Parsing architecture <structural> of entity <gt4>.
Parsing VHDL file "/home/sabbir/projects/GFAU/design/vhdl/io/mods/gt12.vhd" into library work
Parsing entity <gt12>.
Parsing architecture <structural> of entity <gt12>.
Parsing VHDL file "/home/sabbir/projects/GFAU/design/vhdl/alu/mods/twoscmp.vhd" into library work
Parsing entity <twoscmp>.
Parsing architecture <behavioral> of entity <twoscmp>.
Parsing VHDL file "/home/sabbir/projects/GFAU/design/vhdl/ops/mods/outselect.vhd" into library work
Parsing entity <outselect>.
Parsing architecture <behavioral> of entity <outselect>.
Parsing VHDL file "/home/sabbir/projects/GFAU/design/vhdl/ops/mods/outconvert.vhd" into library work
Parsing entity <outconvert>.
Parsing architecture <behavioral> of entity <outconvert>.
Parsing VHDL file "/home/sabbir/projects/GFAU/design/vhdl/ops/mods/mul.vhd" into library work
Parsing entity <mul>.
Parsing architecture <behavioral> of entity <mul>.
Parsing VHDL file "/home/sabbir/projects/GFAU/design/vhdl/ops/mods/div.vhd" into library work
Parsing entity <div>.
Parsing architecture <behavioral> of entity <div>.
Parsing VHDL file "/home/sabbir/projects/GFAU/design/vhdl/ops/mods/addsub.vhd" into library work
Parsing entity <addsub>.
Parsing architecture <behavioral> of entity <addsub>.
Parsing VHDL file "/home/sabbir/projects/GFAU/design/vhdl/io/mods/serialize.vhd" into library work
Parsing entity <serialize>.
Parsing architecture <Behavioral> of entity <serialize>.
Parsing VHDL file "/home/sabbir/projects/GFAU/design/vhdl/io/mods/io_port.vhd" into library work
Parsing entity <io_port_io>.
Parsing architecture <Behavioral> of entity <io_port>.
WARNING:HDLCompiler:686 - "/home/sabbir/projects/GFAU/design/vhdl/io/mods/io_port.vhd" Line 44: Overwriting existing secondary unit behavioral
Parsing VHDL file "/home/sabbir/projects/GFAU/design/vhdl/io/mods/IO_Handler.vhd" into library work
Parsing entity <IO_Handler_FSM>.
Parsing architecture <Behavioral> of entity <io_handler_fsm>.
Parsing VHDL file "/home/sabbir/projects/GFAU/design/vhdl/io/mods/data_deserialize.vhd" into library work
Parsing entity <data_deserialize>.
Parsing architecture <Behavioral> of entity <data_deserialize>.
Parsing VHDL file "/home/sabbir/projects/GFAU/design/vhdl/io/mods/count_decoder.vhd" into library work
Parsing entity <count_decoder>.
Parsing architecture <structural> of entity <count_decoder>.
Parsing VHDL file "/home/sabbir/projects/GFAU/design/vhdl/io/mods/clk_counter.vhd" into library work
Parsing entity <clk_counter>.
Parsing architecture <Behavioral> of entity <clk_counter>.
Parsing VHDL file "/home/sabbir/projects/GFAU/design/vhdl/alu/mods/maskedtwoscmp.vhd" into library work
Parsing entity <maskedtwoscmp>.
Parsing architecture <behavioral> of entity <maskedtwoscmp>.
Parsing VHDL file "/home/sabbir/projects/GFAU/design/vhdl/alu/mods/isnull.vhd" into library work
Parsing entity <isnull>.
Parsing architecture <behavioral> of entity <isnull>.
Parsing VHDL file "/home/sabbir/projects/GFAU/design/vhdl/alu/mods/ismember.vhd" into library work
Parsing entity <ismember>.
Parsing architecture <behavioral> of entity <ismember>.
Parsing VHDL file "/home/sabbir/projects/GFAU/design/vhdl/ops/mods/operators.vhd" into library work
Parsing entity <operators>.
Parsing architecture <behavioral> of entity <operators>.
Parsing VHDL file "/home/sabbir/projects/GFAU/design/vhdl/mem/mods/memory.vhd" into library work
Parsing entity <memory>.
Parsing architecture <behavioral> of entity <memory>.
Parsing VHDL file "/home/sabbir/projects/GFAU/design/vhdl/io/mods/IO_Handler_Top.vhd" into library work
Parsing entity <IO_Handler_Top>.
Parsing architecture <Behavioral> of entity <io_handler_top>.
Parsing VHDL file "/home/sabbir/projects/GFAU/design/vhdl/gen/mods/generator.vhd" into library work
Parsing entity <generator>.
Parsing architecture <fsm> of entity <generator>.
Parsing VHDL file "/home/sabbir/projects/GFAU/design/vhdl/cu/mods/control_unit.vhd" into library work
Parsing entity <control_unit>.
Parsing architecture <behavioral> of entity <control_unit>.
Parsing VHDL file "/home/sabbir/projects/GFAU/design/vhdl/alu/mods/varmask.vhd" into library work
Parsing entity <varmask>.
Parsing architecture <behavioral> of entity <varmask>.
Parsing VHDL file "/home/sabbir/projects/GFAU/design/vhdl/alu/mods/indices.vhd" into library work
Parsing entity <indices>.
Parsing architecture <behavioral> of entity <indices>.
Parsing VHDL file "/home/sabbir/projects/GFAU/design/vhdl/top.vhd" into library work
Parsing entity <top>.
Parsing architecture <behavioral> of entity <top>.
WARNING:HDLCompiler:946 - "/home/sabbir/projects/GFAU/design/vhdl/top.vhd" Line 344: Actual for formal port gfau_data is neither a static name nor a globally static expression

=========================================================================
*                            HDL Elaboration                            *
=========================================================================

Elaborating entity <top> (architecture <behavioral>) with generics from library <work>.

Elaborating entity <IO_Handler_Top> (architecture <Behavioral>) from library <work>.

Elaborating entity <IO_Handler_FSM> (architecture <Behavioral>) from library <work>.

Elaborating entity <data_deserialize> (architecture <Behavioral>) from library <work>.

Elaborating entity <serialize> (architecture <Behavioral>) from library <work>.

Elaborating entity <count_decoder> (architecture <structural>) from library <work>.

Elaborating entity <gt4> (architecture <structural>) from library <work>.

Elaborating entity <gt8> (architecture <structural>) from library <work>.

Elaborating entity <gt12> (architecture <structural>) from library <work>.

Elaborating entity <clk_counter> (architecture <Behavioral>) from library <work>.
WARNING:HDLCompiler:373 - "/home/sabbir/projects/GFAU/design/vhdl/io/mods/io_port.vhd" Line 32: Entity io_port_io does not have an architecture

Elaborating entity <io_port_io> (architecture <>) with generics from library <work>.

Elaborating entity <indices> (architecture <behavioral>) with generics from library <work>.

Elaborating entity <varmask> (architecture <behavioral>) with generics from library <work>.

Elaborating entity <control_unit> (architecture <behavioral>) with generics from library <work>.

Elaborating entity <ismember> (architecture <behavioral>) with generics from library <work>.

Elaborating entity <isnull> (architecture <behavioral>) with generics from library <work>.
WARNING:HDLCompiler:92 - "/home/sabbir/projects/GFAU/design/vhdl/cu/mods/control_unit.vhd" Line 115: init should be on the sensitivity list of the process
INFO:HDLCompiler:679 - "/home/sabbir/projects/GFAU/design/vhdl/cu/mods/control_unit.vhd" Line 230. Case statement is complete. others clause is never selected
INFO:HDLCompiler:679 - "/home/sabbir/projects/GFAU/design/vhdl/cu/mods/control_unit.vhd" Line 310. Case statement is complete. others clause is never selected
INFO:HDLCompiler:679 - "/home/sabbir/projects/GFAU/design/vhdl/cu/mods/control_unit.vhd" Line 340. Case statement is complete. others clause is never selected
INFO:HDLCompiler:679 - "/home/sabbir/projects/GFAU/design/vhdl/cu/mods/control_unit.vhd" Line 408. Case statement is complete. others clause is never selected
INFO:HDLCompiler:679 - "/home/sabbir/projects/GFAU/design/vhdl/cu/mods/control_unit.vhd" Line 488. Case statement is complete. others clause is never selected
INFO:HDLCompiler:679 - "/home/sabbir/projects/GFAU/design/vhdl/cu/mods/control_unit.vhd" Line 518. Case statement is complete. others clause is never selected
INFO:HDLCompiler:679 - "/home/sabbir/projects/GFAU/design/vhdl/cu/mods/control_unit.vhd" Line 593. Case statement is complete. others clause is never selected

Elaborating entity <generator> (architecture <fsm>) with generics from library <work>.

Elaborating entity <operators> (architecture <behavioral>) with generics from library <work>.

Elaborating entity <maskedtwoscmp> (architecture <behavioral>) with generics from library <work>.

Elaborating entity <twoscmp> (architecture <behavioral>) with generics from library <work>.

Elaborating entity <addsub> (architecture <behavioral>) with generics from library <work>.

Elaborating entity <mul> (architecture <behavioral>) with generics from library <work>.

Elaborating entity <div> (architecture <behavioral>) with generics from library <work>.

Elaborating entity <outselect> (architecture <behavioral>) with generics from library <work>.

Elaborating entity <outconvert> (architecture <behavioral>) with generics from library <work>.
INFO:HDLCompiler:679 - "/home/sabbir/projects/GFAU/design/vhdl/ops/mods/outconvert.vhd" Line 103. Case statement is complete. others clause is never selected

Elaborating entity <memory> (architecture <behavioral>) with generics from library <work>.

Elaborating entity <io_port> (architecture <Behavioral>) with generics from library <work>.
ERROR:HDLCompiler:579 - "/home/sabbir/projects/GFAU/design/vhdl/io/mods/io_port.vhd" Line 50: Mismatch in number of elements assigned in conditional signal assignment
ERROR:HDLCompiler:410 - "/home/sabbir/projects/GFAU/design/vhdl/io/mods/io_port.vhd" Line 50: Expression has 8 elements ; expected 9
Netlist io_port(8)(Behavioral) remains a blackbox, due to errors in its contents
INFO:HDLCompiler:679 - "/home/sabbir/projects/GFAU/design/vhdl/mem/mods/memory.vhd" Line 139. Case statement is complete. others clause is never selected
INFO:HDLCompiler:679 - "/home/sabbir/projects/GFAU/design/vhdl/mem/mods/memory.vhd" Line 193. Case statement is complete. others clause is never selected
WARNING:HDLCompiler:634 - "/home/sabbir/projects/GFAU/design/vhdl/top.vhd" Line 311: Net <poly_bcd[8]> does not have a driver.
--> 


Total memory usage is 333432 kilobytes

Number of errors   :    2 (   0 filtered)
Number of warnings :    5 (   0 filtered)
Number of infos    :    0 (   0 filtered)

